// Jest Snapshot v1, https://goo.gl/fbAQLP

exports[`ZoomedImage render zoomed image 1`] = `
<div
  class="zoomed"
/>
`;
